../Core/Src/glcd12864b_driver.c:26:6:LCD_EnablePulse	8	static
../Core/Src/glcd12864b_driver.c:33:6:LCD_WriteByte	16	static
../Core/Src/glcd12864b_driver.c:43:6:LCD_WriteCommand	16	static
../Core/Src/glcd12864b_driver.c:48:6:LCD_WriteData	16	static
../Core/Src/glcd12864b_driver.c:55:6:lcd_reset	8	static
../Core/Src/glcd12864b_driver.c:63:6:LCD_Init	8	static
../Core/Src/glcd12864b_driver.c:85:6:lcd_shiftleft	8	static
../Core/Src/glcd12864b_driver.c:90:6:LCD_DrawBuffer	16	static
../Core/Src/glcd12864b_driver.c:102:6:setPixel	24	static
../Core/Src/glcd12864b_driver.c:115:6:drawTestPattern	24	static
../Core/Src/glcd12864b_driver.c:134:6:drawChar	32	static
../Core/Src/glcd12864b_driver.c:149:6:drawString	16	static
../Core/Src/glcd12864b_driver.c:157:6:test_pixel	16	static
../Core/Src/glcd12864b_driver.c:165:6:drawXPattern2	16	static
../Core/Src/glcd12864b_driver.c:173:6:drawFullGrid	16	static
../Core/Src/glcd12864b_driver.c:181:6:lcd_clear	8	static
